Skipping image OS validation for hb__abundant-nhanes-obesity-prevalence: docker inspect returned 1
Running command: apt-get update && apt-get install -y curl
Command failed
Trial task_01_nhanes_obesity_prevalenc__kCzGkie failed: Command failed (exit 100): apt-get update && apt-get install -y curl
stdout: Ign:1 http://deb.debian.org/debian trixie InRelease
Ign:2 http://deb.debian.org/debian trixie-updates InRelease
Ign:3 http://deb.debian.org/debian-security trixie-security InRelease
Ign:3 http://deb.debian.org/debian-security trixie-security InRelease
Ign:2 http://deb.debian.org/debian trixie-updates InRelease
Ign:1 http://deb.debian.org/debian trixie InRelease
Ign:1 http://deb.debian.org/debian trixie InRelease
Ign:2 http://deb.debian.org/debian trixie-updates InRelease
Ign:3 http://deb.debian.org/debian-security trixie-security InRelease
Err:3 http://deb.debian.org/debian-security trixie-security InRelease
  Temporary failure resolving 'deb.debian.org'
Err:2 http://deb.debian.org/debian trixie-updates InRelease
  Temporary failure resolving 'deb.debian.org'
Err:1 http://deb.debian.org/debian trixie InRelease
  Temporary failure resolving 'deb.debian.org'
Reading package lists...
W: Failed to fetch http://deb.debian.org/debian/dists/trixie/InRelease  Temporary failure resolving 'deb.d ... [truncated]
stderr: None
